../Core/Src/main.c:107:5:main	8	static
../Core/Src/main.c:183:6:SystemClock_Config	88	static
../Core/Src/main.c:230:13:MX_I2C2_Init	8	static
../Core/Src/main.c:278:13:MX_TIM3_Init	64	static
../Core/Src/main.c:337:13:MX_TIM17_Init	8	static
../Core/Src/main.c:369:13:MX_USART2_UART_Init	8	static
../Core/Src/main.c:405:13:MX_GPIO_Init	48	static
../Core/Src/main.c:454:6:AutonomousLowPowerRangingTest	8	static
../Core/Src/main.c:473:6:led_bar	16	static
../Core/Src/main.c:501:6:ModeSelect	8	static
../Core/Src/main.c:576:6:HAL_TIM_PeriodElapsedCallback	16	static
../Core/Src/main.c:589:11:map	24	static
../Core/Src/main.c:601:6:Error_Handler	8	static,ignoring_inline_asm
